// Jest Snapshot v1, https://goo.gl/fbAQLP

exports[`TimeGraphArrow Matches snapshot 1`] = `
TimeGraphArrowComponent {
  "_displayObject": Graphics {
    "_bounds": Bounds {
      "maxX": -Infinity,
      "maxY": -Infinity,
      "minX": Infinity,
      "minY": Infinity,
      "rect": null,
      "updateID": -1,
    },
    "_boundsID": 1,
    "_boundsRect": null,
    "_destroyed": false,
    "_enabledFilters": null,
    "_events": Object {},
    "_eventsCount": 0,
    "_fillStyle": FillStyle {
      "alpha": 1,
      "color": 16777215,
      "matrix": null,
      "texture": Texture {
        "_events": Object {},
        "_eventsCount": 0,
        "_frame": Rectangle {
          "height": 16,
          "type": 1,
          "width": 16,
          "x": 0,
          "y": 0,
        },
        "_rotate": 0,
        "_updateID": 1,
        "_uvs": TextureUvs {
          "uvsFloat32": Float32Array [
            0,
            0,
            1,
            0,
            1,
            1,
            0,
            1,
          ],
          "x0": 0,
          "x1": 1,
          "x2": 1,
          "x3": 0,
          "y0": 0,
          "y1": 0,
          "y2": 1,
          "y3": 1,
        },
        "baseTexture": BaseTexture {
          "_batchEnabled": 0,
          "_batchLocation": 0,
          "_events": Object {
            "update": EE {
              "context": [Circular],
              "fn": [Function],
              "once": false,
            },
          },
          "_eventsCount": 1,
          "_glTextures": Object {},
          "_mipmap": 1,
          "_scaleMode": 1,
          "_wrapMode": 33071,
          "alphaMode": 1,
          "anisotropicLevel": 0,
          "cacheId": "pixiid_1",
          "destroy": [Function],
          "destroyed": false,
          "dirtyId": 0,
          "dirtyStyleId": 0,
          "emit": [Function],
          "format": 6408,
          "height": 16,
          "isPowerOfTwo": true,
          "on": [Function],
          "once": [Function],
          "parentTextureArray": null,
          "resolution": 1,
          "resource": CanvasResource {
            "_height": 16,
            "_width": 16,
            "destroyed": false,
            "internal": true,
            "noSubImage": false,
            "onError": Runner {
              "_aliasCount": 0,
              "_name": "onError",
              "items": Array [
                [Circular],
              ],
            },
            "onResize": Runner {
              "_aliasCount": 0,
              "_name": "setRealSize",
              "items": Array [
                [Circular],
              ],
            },
            "onUpdate": Runner {
              "_aliasCount": 0,
              "_name": "update",
              "items": Array [
                [Circular],
              ],
            },
            "source": <canvas
              height="16"
              width="16"
            />,
          },
          "target": 3553,
          "textureCacheIds": Array [
            "pixiid_1",
          ],
          "touched": 0,
          "type": 5121,
          "uid": 2,
          "valid": true,
          "width": 16,
        },
        "defaultAnchor": Point {
          "x": 0,
          "y": 0,
        },
        "destroy": [Function],
        "emit": [Function],
        "noFrame": true,
        "on": [Function],
        "once": [Function],
        "orig": Rectangle {
          "height": 16,
          "type": 1,
          "width": 16,
          "x": 0,
          "y": 0,
        },
        "textureCacheIds": Array [],
        "trim": undefined,
        "uvMatrix": null,
        "valid": true,
      },
      "visible": false,
    },
    "_geometry": GraphicsGeometry {
      "_bounds": Bounds {
        "maxX": -Infinity,
        "maxY": -Infinity,
        "minX": Infinity,
        "minY": Infinity,
        "rect": null,
        "updateID": -1,
      },
      "_buffer": Buffer {
        "_glBuffers": Object {},
        "_updateID": 0,
        "data": Float32Array [
          0,
        ],
        "disposeRunner": Runner {
          "_aliasCount": 0,
          "_name": "disposeBuffer",
          "items": Array [],
        },
        "id": 0,
        "static": false,
        "type": 34962,
      },
      "_indexBuffer": Buffer {
        "_glBuffers": Object {},
        "_updateID": 0,
        "data": Float32Array [
          0,
        ],
        "disposeRunner": Runner {
          "_aliasCount": 0,
          "_name": "disposeBuffer",
          "items": Array [],
        },
        "id": 1,
        "static": false,
        "type": 34963,
      },
      "attributes": Object {
        "aColor": Attribute {
          "buffer": 0,
          "instance": false,
          "normalized": true,
          "size": 4,
          "start": undefined,
          "stride": undefined,
          "type": 5121,
        },
        "aTextureCoord": Attribute {
          "buffer": 0,
          "instance": false,
          "normalized": false,
          "size": 2,
          "start": undefined,
          "stride": undefined,
          "type": 5126,
        },
        "aTextureId": Attribute {
          "buffer": 0,
          "instance": false,
          "normalized": true,
          "size": 1,
          "start": undefined,
          "stride": undefined,
          "type": 5126,
        },
        "aVertexPosition": Attribute {
          "buffer": 0,
          "instance": false,
          "normalized": false,
          "size": 2,
          "start": undefined,
          "stride": undefined,
          "type": 5126,
        },
      },
      "batchDirty": -1,
      "batchable": false,
      "batches": Array [],
      "boundsDirty": -1,
      "boundsPadding": 0,
      "buffers": Array [
        Buffer {
          "_glBuffers": Object {},
          "_updateID": 0,
          "data": Float32Array [
            0,
          ],
          "disposeRunner": Runner {
            "_aliasCount": 0,
            "_name": "disposeBuffer",
            "items": Array [],
          },
          "id": 0,
          "static": false,
          "type": 34962,
        },
        Buffer {
          "_glBuffers": Object {},
          "_updateID": 0,
          "data": Float32Array [
            0,
          ],
          "disposeRunner": Runner {
            "_aliasCount": 0,
            "_name": "disposeBuffer",
            "items": Array [],
          },
          "id": 1,
          "static": false,
          "type": 34963,
        },
      ],
      "cacheDirty": -1,
      "clearDirty": 0,
      "closePointEps": 0.0001,
      "colors": Array [],
      "dirty": 0,
      "disposeRunner": Runner {
        "_aliasCount": 0,
        "_name": "disposeGeometry",
        "items": Array [],
      },
      "drawCalls": Array [],
      "glVertexArrayObjects": Object {},
      "graphicsData": Array [],
      "id": 0,
      "indexBuffer": Buffer {
        "_glBuffers": Object {},
        "_updateID": 0,
        "data": Float32Array [
          0,
        ],
        "disposeRunner": Runner {
          "_aliasCount": 0,
          "_name": "disposeBuffer",
          "items": Array [],
        },
        "id": 1,
        "static": false,
        "type": 34963,
      },
      "indices": Array [],
      "indicesUint16": null,
      "instanceCount": 1,
      "instanced": false,
      "points": Array [],
      "refCount": 1,
      "shapeIndex": 0,
      "textureIds": Array [],
      "uvs": Array [],
      "uvsFloat32": null,
    },
    "_holeMode": false,
    "_lastSortedIndex": 0,
    "_lineStyle": LineStyle {
      "alignment": 0.5,
      "alpha": 1,
      "cap": "butt",
      "color": 0,
      "join": "miter",
      "matrix": null,
      "miterLimit": 10,
      "native": false,
      "texture": Texture {
        "_events": Object {},
        "_eventsCount": 0,
        "_frame": Rectangle {
          "height": 16,
          "type": 1,
          "width": 16,
          "x": 0,
          "y": 0,
        },
        "_rotate": 0,
        "_updateID": 1,
        "_uvs": TextureUvs {
          "uvsFloat32": Float32Array [
            0,
            0,
            1,
            0,
            1,
            1,
            0,
            1,
          ],
          "x0": 0,
          "x1": 1,
          "x2": 1,
          "x3": 0,
          "y0": 0,
          "y1": 0,
          "y2": 1,
          "y3": 1,
        },
        "baseTexture": BaseTexture {
          "_batchEnabled": 0,
          "_batchLocation": 0,
          "_events": Object {
            "update": EE {
              "context": [Circular],
              "fn": [Function],
              "once": false,
            },
          },
          "_eventsCount": 1,
          "_glTextures": Object {},
          "_mipmap": 1,
          "_scaleMode": 1,
          "_wrapMode": 33071,
          "alphaMode": 1,
          "anisotropicLevel": 0,
          "cacheId": "pixiid_1",
          "destroy": [Function],
          "destroyed": false,
          "dirtyId": 0,
          "dirtyStyleId": 0,
          "emit": [Function],
          "format": 6408,
          "height": 16,
          "isPowerOfTwo": true,
          "on": [Function],
          "once": [Function],
          "parentTextureArray": null,
          "resolution": 1,
          "resource": CanvasResource {
            "_height": 16,
            "_width": 16,
            "destroyed": false,
            "internal": true,
            "noSubImage": false,
            "onError": Runner {
              "_aliasCount": 0,
              "_name": "onError",
              "items": Array [
                [Circular],
              ],
            },
            "onResize": Runner {
              "_aliasCount": 0,
              "_name": "setRealSize",
              "items": Array [
                [Circular],
              ],
            },
            "onUpdate": Runner {
              "_aliasCount": 0,
              "_name": "update",
              "items": Array [
                [Circular],
              ],
            },
            "source": <canvas
              height="16"
              width="16"
            />,
          },
          "target": 3553,
          "textureCacheIds": Array [
            "pixiid_1",
          ],
          "touched": 0,
          "type": 5121,
          "uid": 2,
          "valid": true,
          "width": 16,
        },
        "defaultAnchor": Point {
          "x": 0,
          "y": 0,
        },
        "destroy": [Function],
        "emit": [Function],
        "noFrame": true,
        "on": [Function],
        "once": [Function],
        "orig": Rectangle {
          "height": 16,
          "type": 1,
          "width": 16,
          "x": 0,
          "y": 0,
        },
        "textureCacheIds": Array [],
        "trim": undefined,
        "uvMatrix": null,
        "valid": true,
      },
      "visible": false,
      "width": 0,
    },
    "_localBounds": null,
    "_localBoundsRect": null,
    "_mask": null,
    "_maskRefCount": 0,
    "_matrix": null,
    "_tint": 16777215,
    "_transformID": -1,
    "_zIndex": 0,
    "alpha": 1,
    "batchDirty": -1,
    "batchTint": -1,
    "batches": Array [],
    "children": Array [
      Graphics {
        "_bounds": Bounds {
          "maxX": -Infinity,
          "maxY": -Infinity,
          "minX": Infinity,
          "minY": Infinity,
          "rect": null,
          "updateID": -1,
        },
        "_boundsID": 0,
        "_boundsRect": null,
        "_destroyed": false,
        "_enabledFilters": null,
        "_events": Object {},
        "_eventsCount": 0,
        "_fillStyle": FillStyle {
          "alpha": 1,
          "color": 16777215,
          "matrix": null,
          "texture": Texture {
            "_events": Object {},
            "_eventsCount": 0,
            "_frame": Rectangle {
              "height": 16,
              "type": 1,
              "width": 16,
              "x": 0,
              "y": 0,
            },
            "_rotate": 0,
            "_updateID": 1,
            "_uvs": TextureUvs {
              "uvsFloat32": Float32Array [
                0,
                0,
                1,
                0,
                1,
                1,
                0,
                1,
              ],
              "x0": 0,
              "x1": 1,
              "x2": 1,
              "x3": 0,
              "y0": 0,
              "y1": 0,
              "y2": 1,
              "y3": 1,
            },
            "baseTexture": BaseTexture {
              "_batchEnabled": 0,
              "_batchLocation": 0,
              "_events": Object {
                "update": EE {
                  "context": [Circular],
                  "fn": [Function],
                  "once": false,
                },
              },
              "_eventsCount": 1,
              "_glTextures": Object {},
              "_mipmap": 1,
              "_scaleMode": 1,
              "_wrapMode": 33071,
              "alphaMode": 1,
              "anisotropicLevel": 0,
              "cacheId": "pixiid_1",
              "destroy": [Function],
              "destroyed": false,
              "dirtyId": 0,
              "dirtyStyleId": 0,
              "emit": [Function],
              "format": 6408,
              "height": 16,
              "isPowerOfTwo": true,
              "on": [Function],
              "once": [Function],
              "parentTextureArray": null,
              "resolution": 1,
              "resource": CanvasResource {
                "_height": 16,
                "_width": 16,
                "destroyed": false,
                "internal": true,
                "noSubImage": false,
                "onError": Runner {
                  "_aliasCount": 0,
                  "_name": "onError",
                  "items": Array [
                    [Circular],
                  ],
                },
                "onResize": Runner {
                  "_aliasCount": 0,
                  "_name": "setRealSize",
                  "items": Array [
                    [Circular],
                  ],
                },
                "onUpdate": Runner {
                  "_aliasCount": 0,
                  "_name": "update",
                  "items": Array [
                    [Circular],
                  ],
                },
                "source": <canvas
                  height="16"
                  width="16"
                />,
              },
              "target": 3553,
              "textureCacheIds": Array [
                "pixiid_1",
              ],
              "touched": 0,
              "type": 5121,
              "uid": 2,
              "valid": true,
              "width": 16,
            },
            "defaultAnchor": Point {
              "x": 0,
              "y": 0,
            },
            "destroy": [Function],
            "emit": [Function],
            "noFrame": true,
            "on": [Function],
            "once": [Function],
            "orig": Rectangle {
              "height": 16,
              "type": 1,
              "width": 16,
              "x": 0,
              "y": 0,
            },
            "textureCacheIds": Array [],
            "trim": undefined,
            "uvMatrix": null,
            "valid": true,
          },
          "visible": false,
        },
        "_geometry": GraphicsGeometry {
          "_bounds": Bounds {
            "maxX": -Infinity,
            "maxY": -Infinity,
            "minX": Infinity,
            "minY": Infinity,
            "rect": null,
            "updateID": -1,
          },
          "_buffer": Buffer {
            "_glBuffers": Object {},
            "_updateID": 0,
            "data": Float32Array [
              0,
            ],
            "disposeRunner": Runner {
              "_aliasCount": 0,
              "_name": "disposeBuffer",
              "items": Array [],
            },
            "id": 2,
            "static": false,
            "type": 34962,
          },
          "_indexBuffer": Buffer {
            "_glBuffers": Object {},
            "_updateID": 0,
            "data": Float32Array [
              0,
            ],
            "disposeRunner": Runner {
              "_aliasCount": 0,
              "_name": "disposeBuffer",
              "items": Array [],
            },
            "id": 3,
            "static": false,
            "type": 34963,
          },
          "attributes": Object {
            "aColor": Attribute {
              "buffer": 0,
              "instance": false,
              "normalized": true,
              "size": 4,
              "start": undefined,
              "stride": undefined,
              "type": 5121,
            },
            "aTextureCoord": Attribute {
              "buffer": 0,
              "instance": false,
              "normalized": false,
              "size": 2,
              "start": undefined,
              "stride": undefined,
              "type": 5126,
            },
            "aTextureId": Attribute {
              "buffer": 0,
              "instance": false,
              "normalized": true,
              "size": 1,
              "start": undefined,
              "stride": undefined,
              "type": 5126,
            },
            "aVertexPosition": Attribute {
              "buffer": 0,
              "instance": false,
              "normalized": false,
              "size": 2,
              "start": undefined,
              "stride": undefined,
              "type": 5126,
            },
          },
          "batchDirty": -1,
          "batchable": false,
          "batches": Array [],
          "boundsDirty": -1,
          "boundsPadding": 0,
          "buffers": Array [
            Buffer {
              "_glBuffers": Object {},
              "_updateID": 0,
              "data": Float32Array [
                0,
              ],
              "disposeRunner": Runner {
                "_aliasCount": 0,
                "_name": "disposeBuffer",
                "items": Array [],
              },
              "id": 2,
              "static": false,
              "type": 34962,
            },
            Buffer {
              "_glBuffers": Object {},
              "_updateID": 0,
              "data": Float32Array [
                0,
              ],
              "disposeRunner": Runner {
                "_aliasCount": 0,
                "_name": "disposeBuffer",
                "items": Array [],
              },
              "id": 3,
              "static": false,
              "type": 34963,
            },
          ],
          "cacheDirty": -1,
          "clearDirty": 0,
          "closePointEps": 0.0001,
          "colors": Array [],
          "dirty": 0,
          "disposeRunner": Runner {
            "_aliasCount": 0,
            "_name": "disposeGeometry",
            "items": Array [],
          },
          "drawCalls": Array [],
          "glVertexArrayObjects": Object {},
          "graphicsData": Array [],
          "id": 1,
          "indexBuffer": Buffer {
            "_glBuffers": Object {},
            "_updateID": 0,
            "data": Float32Array [
              0,
            ],
            "disposeRunner": Runner {
              "_aliasCount": 0,
              "_name": "disposeBuffer",
              "items": Array [],
            },
            "id": 3,
            "static": false,
            "type": 34963,
          },
          "indices": Array [],
          "indicesUint16": null,
          "instanceCount": 1,
          "instanced": false,
          "points": Array [],
          "refCount": 1,
          "shapeIndex": 0,
          "textureIds": Array [],
          "uvs": Array [],
          "uvsFloat32": null,
        },
        "_holeMode": false,
        "_lastSortedIndex": 0,
        "_lineStyle": LineStyle {
          "alignment": 0.5,
          "alpha": 1,
          "cap": "butt",
          "color": 0,
          "join": "miter",
          "matrix": null,
          "miterLimit": 10,
          "native": false,
          "texture": Texture {
            "_events": Object {},
            "_eventsCount": 0,
            "_frame": Rectangle {
              "height": 16,
              "type": 1,
              "width": 16,
              "x": 0,
              "y": 0,
            },
            "_rotate": 0,
            "_updateID": 1,
            "_uvs": TextureUvs {
              "uvsFloat32": Float32Array [
                0,
                0,
                1,
                0,
                1,
                1,
                0,
                1,
              ],
              "x0": 0,
              "x1": 1,
              "x2": 1,
              "x3": 0,
              "y0": 0,
              "y1": 0,
              "y2": 1,
              "y3": 1,
            },
            "baseTexture": BaseTexture {
              "_batchEnabled": 0,
              "_batchLocation": 0,
              "_events": Object {
                "update": EE {
                  "context": [Circular],
                  "fn": [Function],
                  "once": false,
                },
              },
              "_eventsCount": 1,
              "_glTextures": Object {},
              "_mipmap": 1,
              "_scaleMode": 1,
              "_wrapMode": 33071,
              "alphaMode": 1,
              "anisotropicLevel": 0,
              "cacheId": "pixiid_1",
              "destroy": [Function],
              "destroyed": false,
              "dirtyId": 0,
              "dirtyStyleId": 0,
              "emit": [Function],
              "format": 6408,
              "height": 16,
              "isPowerOfTwo": true,
              "on": [Function],
              "once": [Function],
              "parentTextureArray": null,
              "resolution": 1,
              "resource": CanvasResource {
                "_height": 16,
                "_width": 16,
                "destroyed": false,
                "internal": true,
                "noSubImage": false,
                "onError": Runner {
                  "_aliasCount": 0,
                  "_name": "onError",
                  "items": Array [
                    [Circular],
                  ],
                },
                "onResize": Runner {
                  "_aliasCount": 0,
                  "_name": "setRealSize",
                  "items": Array [
                    [Circular],
                  ],
                },
                "onUpdate": Runner {
                  "_aliasCount": 0,
                  "_name": "update",
                  "items": Array [
                    [Circular],
                  ],
                },
                "source": <canvas
                  height="16"
                  width="16"
                />,
              },
              "target": 3553,
              "textureCacheIds": Array [
                "pixiid_1",
              ],
              "touched": 0,
              "type": 5121,
              "uid": 2,
              "valid": true,
              "width": 16,
            },
            "defaultAnchor": Point {
              "x": 0,
              "y": 0,
            },
            "destroy": [Function],
            "emit": [Function],
            "noFrame": true,
            "on": [Function],
            "once": [Function],
            "orig": Rectangle {
              "height": 16,
              "type": 1,
              "width": 16,
              "x": 0,
              "y": 0,
            },
            "textureCacheIds": Array [],
            "trim": undefined,
            "uvMatrix": null,
            "valid": true,
          },
          "visible": false,
          "width": 0,
        },
        "_localBounds": null,
        "_localBoundsRect": null,
        "_mask": null,
        "_maskRefCount": 0,
        "_matrix": null,
        "_tint": 16777215,
        "_transformID": -1,
        "_zIndex": 0,
        "alpha": 1,
        "batchDirty": -1,
        "batchTint": -1,
        "batches": Array [],
        "children": Array [],
        "cullArea": null,
        "cullable": false,
        "currentPath": null,
        "filterArea": null,
        "filters": null,
        "isMask": false,
        "isSprite": false,
        "parent": [Circular],
        "pluginName": "batch",
        "renderable": true,
        "shader": null,
        "sortDirty": false,
        "sortableChildren": false,
        "state": State {
          "_blendMode": 0,
          "_polygonOffset": 0,
          "data": 33,
        },
        "tempDisplayObjectParent": null,
        "transform": Transform {
          "_currentLocalID": 0,
          "_cx": 1,
          "_cy": 0,
          "_localID": 0,
          "_parentID": -1,
          "_rotation": 0,
          "_sx": 0,
          "_sy": 1,
          "_worldID": 0,
          "localTransform": Matrix {
            "a": 1,
            "array": null,
            "b": 0,
            "c": 0,
            "d": 1,
            "tx": 0,
            "ty": 0,
          },
          "pivot": ObservablePoint {
            "_x": 0,
            "_y": 0,
            "cb": [Function],
            "scope": [Circular],
          },
          "position": ObservablePoint {
            "_x": 0,
            "_y": 0,
            "cb": [Function],
            "scope": [Circular],
          },
          "scale": ObservablePoint {
            "_x": 1,
            "_y": 1,
            "cb": [Function],
            "scope": [Circular],
          },
          "skew": ObservablePoint {
            "_x": 0,
            "_y": 0,
            "cb": [Function],
            "scope": [Circular],
          },
          "worldTransform": Matrix {
            "a": 1,
            "array": null,
            "b": 0,
            "c": 0,
            "d": 1,
            "tx": 0,
            "ty": 0,
          },
        },
        "vertexData": null,
        "visible": true,
        "worldAlpha": 1,
      },
    ],
    "cullArea": null,
    "cullable": false,
    "currentPath": null,
    "filterArea": null,
    "filters": null,
    "isMask": false,
    "isSprite": false,
    "parent": null,
    "pluginName": "batch",
    "renderable": true,
    "shader": null,
    "sortDirty": true,
    "sortableChildren": false,
    "state": State {
      "_blendMode": 0,
      "_polygonOffset": 0,
      "data": 33,
    },
    "tempDisplayObjectParent": null,
    "transform": Transform {
      "_currentLocalID": 0,
      "_cx": 1,
      "_cy": 0,
      "_localID": 0,
      "_parentID": 0,
      "_rotation": 0,
      "_sx": 0,
      "_sy": 1,
      "_worldID": 0,
      "localTransform": Matrix {
        "a": 1,
        "array": null,
        "b": 0,
        "c": 0,
        "d": 1,
        "tx": 0,
        "ty": 0,
      },
      "pivot": ObservablePoint {
        "_x": 0,
        "_y": 0,
        "cb": [Function],
        "scope": [Circular],
      },
      "position": ObservablePoint {
        "_x": 0,
        "_y": 0,
        "cb": [Function],
        "scope": [Circular],
      },
      "scale": ObservablePoint {
        "_x": 1,
        "_y": 1,
        "cb": [Function],
        "scope": [Circular],
      },
      "skew": ObservablePoint {
        "_x": 0,
        "_y": 0,
        "cb": [Function],
        "scope": [Circular],
      },
      "worldTransform": Matrix {
        "a": 1,
        "array": null,
        "b": 0,
        "c": 0,
        "d": 1,
        "tx": 0,
        "ty": 0,
      },
    },
    "vertexData": null,
    "visible": true,
    "worldAlpha": 1,
  },
  "_id": "Test",
  "_model": Object {
    "destinationId": 1,
    "range": Object {
      "end": 10n,
      "start": 0n,
    },
    "sourceId": 0,
  },
  "_options": Object {
    "end": Object {
      "x": 2,
      "y": 3,
    },
    "start": Object {
      "x": 0,
      "y": 1,
    },
  },
  "head": Graphics {
    "_bounds": Bounds {
      "maxX": -Infinity,
      "maxY": -Infinity,
      "minX": Infinity,
      "minY": Infinity,
      "rect": null,
      "updateID": -1,
    },
    "_boundsID": 0,
    "_boundsRect": null,
    "_destroyed": false,
    "_enabledFilters": null,
    "_events": Object {},
    "_eventsCount": 0,
    "_fillStyle": FillStyle {
      "alpha": 1,
      "color": 16777215,
      "matrix": null,
      "texture": Texture {
        "_events": Object {},
        "_eventsCount": 0,
        "_frame": Rectangle {
          "height": 16,
          "type": 1,
          "width": 16,
          "x": 0,
          "y": 0,
        },
        "_rotate": 0,
        "_updateID": 1,
        "_uvs": TextureUvs {
          "uvsFloat32": Float32Array [
            0,
            0,
            1,
            0,
            1,
            1,
            0,
            1,
          ],
          "x0": 0,
          "x1": 1,
          "x2": 1,
          "x3": 0,
          "y0": 0,
          "y1": 0,
          "y2": 1,
          "y3": 1,
        },
        "baseTexture": BaseTexture {
          "_batchEnabled": 0,
          "_batchLocation": 0,
          "_events": Object {
            "update": EE {
              "context": [Circular],
              "fn": [Function],
              "once": false,
            },
          },
          "_eventsCount": 1,
          "_glTextures": Object {},
          "_mipmap": 1,
          "_scaleMode": 1,
          "_wrapMode": 33071,
          "alphaMode": 1,
          "anisotropicLevel": 0,
          "cacheId": "pixiid_1",
          "destroy": [Function],
          "destroyed": false,
          "dirtyId": 0,
          "dirtyStyleId": 0,
          "emit": [Function],
          "format": 6408,
          "height": 16,
          "isPowerOfTwo": true,
          "on": [Function],
          "once": [Function],
          "parentTextureArray": null,
          "resolution": 1,
          "resource": CanvasResource {
            "_height": 16,
            "_width": 16,
            "destroyed": false,
            "internal": true,
            "noSubImage": false,
            "onError": Runner {
              "_aliasCount": 0,
              "_name": "onError",
              "items": Array [
                [Circular],
              ],
            },
            "onResize": Runner {
              "_aliasCount": 0,
              "_name": "setRealSize",
              "items": Array [
                [Circular],
              ],
            },
            "onUpdate": Runner {
              "_aliasCount": 0,
              "_name": "update",
              "items": Array [
                [Circular],
              ],
            },
            "source": <canvas
              height="16"
              width="16"
            />,
          },
          "target": 3553,
          "textureCacheIds": Array [
            "pixiid_1",
          ],
          "touched": 0,
          "type": 5121,
          "uid": 2,
          "valid": true,
          "width": 16,
        },
        "defaultAnchor": Point {
          "x": 0,
          "y": 0,
        },
        "destroy": [Function],
        "emit": [Function],
        "noFrame": true,
        "on": [Function],
        "once": [Function],
        "orig": Rectangle {
          "height": 16,
          "type": 1,
          "width": 16,
          "x": 0,
          "y": 0,
        },
        "textureCacheIds": Array [],
        "trim": undefined,
        "uvMatrix": null,
        "valid": true,
      },
      "visible": false,
    },
    "_geometry": GraphicsGeometry {
      "_bounds": Bounds {
        "maxX": -Infinity,
        "maxY": -Infinity,
        "minX": Infinity,
        "minY": Infinity,
        "rect": null,
        "updateID": -1,
      },
      "_buffer": Buffer {
        "_glBuffers": Object {},
        "_updateID": 0,
        "data": Float32Array [
          0,
        ],
        "disposeRunner": Runner {
          "_aliasCount": 0,
          "_name": "disposeBuffer",
          "items": Array [],
        },
        "id": 2,
        "static": false,
        "type": 34962,
      },
      "_indexBuffer": Buffer {
        "_glBuffers": Object {},
        "_updateID": 0,
        "data": Float32Array [
          0,
        ],
        "disposeRunner": Runner {
          "_aliasCount": 0,
          "_name": "disposeBuffer",
          "items": Array [],
        },
        "id": 3,
        "static": false,
        "type": 34963,
      },
      "attributes": Object {
        "aColor": Attribute {
          "buffer": 0,
          "instance": false,
          "normalized": true,
          "size": 4,
          "start": undefined,
          "stride": undefined,
          "type": 5121,
        },
        "aTextureCoord": Attribute {
          "buffer": 0,
          "instance": false,
          "normalized": false,
          "size": 2,
          "start": undefined,
          "stride": undefined,
          "type": 5126,
        },
        "aTextureId": Attribute {
          "buffer": 0,
          "instance": false,
          "normalized": true,
          "size": 1,
          "start": undefined,
          "stride": undefined,
          "type": 5126,
        },
        "aVertexPosition": Attribute {
          "buffer": 0,
          "instance": false,
          "normalized": false,
          "size": 2,
          "start": undefined,
          "stride": undefined,
          "type": 5126,
        },
      },
      "batchDirty": -1,
      "batchable": false,
      "batches": Array [],
      "boundsDirty": -1,
      "boundsPadding": 0,
      "buffers": Array [
        Buffer {
          "_glBuffers": Object {},
          "_updateID": 0,
          "data": Float32Array [
            0,
          ],
          "disposeRunner": Runner {
            "_aliasCount": 0,
            "_name": "disposeBuffer",
            "items": Array [],
          },
          "id": 2,
          "static": false,
          "type": 34962,
        },
        Buffer {
          "_glBuffers": Object {},
          "_updateID": 0,
          "data": Float32Array [
            0,
          ],
          "disposeRunner": Runner {
            "_aliasCount": 0,
            "_name": "disposeBuffer",
            "items": Array [],
          },
          "id": 3,
          "static": false,
          "type": 34963,
        },
      ],
      "cacheDirty": -1,
      "clearDirty": 0,
      "closePointEps": 0.0001,
      "colors": Array [],
      "dirty": 0,
      "disposeRunner": Runner {
        "_aliasCount": 0,
        "_name": "disposeGeometry",
        "items": Array [],
      },
      "drawCalls": Array [],
      "glVertexArrayObjects": Object {},
      "graphicsData": Array [],
      "id": 1,
      "indexBuffer": Buffer {
        "_glBuffers": Object {},
        "_updateID": 0,
        "data": Float32Array [
          0,
        ],
        "disposeRunner": Runner {
          "_aliasCount": 0,
          "_name": "disposeBuffer",
          "items": Array [],
        },
        "id": 3,
        "static": false,
        "type": 34963,
      },
      "indices": Array [],
      "indicesUint16": null,
      "instanceCount": 1,
      "instanced": false,
      "points": Array [],
      "refCount": 1,
      "shapeIndex": 0,
      "textureIds": Array [],
      "uvs": Array [],
      "uvsFloat32": null,
    },
    "_holeMode": false,
    "_lastSortedIndex": 0,
    "_lineStyle": LineStyle {
      "alignment": 0.5,
      "alpha": 1,
      "cap": "butt",
      "color": 0,
      "join": "miter",
      "matrix": null,
      "miterLimit": 10,
      "native": false,
      "texture": Texture {
        "_events": Object {},
        "_eventsCount": 0,
        "_frame": Rectangle {
          "height": 16,
          "type": 1,
          "width": 16,
          "x": 0,
          "y": 0,
        },
        "_rotate": 0,
        "_updateID": 1,
        "_uvs": TextureUvs {
          "uvsFloat32": Float32Array [
            0,
            0,
            1,
            0,
            1,
            1,
            0,
            1,
          ],
          "x0": 0,
          "x1": 1,
          "x2": 1,
          "x3": 0,
          "y0": 0,
          "y1": 0,
          "y2": 1,
          "y3": 1,
        },
        "baseTexture": BaseTexture {
          "_batchEnabled": 0,
          "_batchLocation": 0,
          "_events": Object {
            "update": EE {
              "context": [Circular],
              "fn": [Function],
              "once": false,
            },
          },
          "_eventsCount": 1,
          "_glTextures": Object {},
          "_mipmap": 1,
          "_scaleMode": 1,
          "_wrapMode": 33071,
          "alphaMode": 1,
          "anisotropicLevel": 0,
          "cacheId": "pixiid_1",
          "destroy": [Function],
          "destroyed": false,
          "dirtyId": 0,
          "dirtyStyleId": 0,
          "emit": [Function],
          "format": 6408,
          "height": 16,
          "isPowerOfTwo": true,
          "on": [Function],
          "once": [Function],
          "parentTextureArray": null,
          "resolution": 1,
          "resource": CanvasResource {
            "_height": 16,
            "_width": 16,
            "destroyed": false,
            "internal": true,
            "noSubImage": false,
            "onError": Runner {
              "_aliasCount": 0,
              "_name": "onError",
              "items": Array [
                [Circular],
              ],
            },
            "onResize": Runner {
              "_aliasCount": 0,
              "_name": "setRealSize",
              "items": Array [
                [Circular],
              ],
            },
            "onUpdate": Runner {
              "_aliasCount": 0,
              "_name": "update",
              "items": Array [
                [Circular],
              ],
            },
            "source": <canvas
              height="16"
              width="16"
            />,
          },
          "target": 3553,
          "textureCacheIds": Array [
            "pixiid_1",
          ],
          "touched": 0,
          "type": 5121,
          "uid": 2,
          "valid": true,
          "width": 16,
        },
        "defaultAnchor": Point {
          "x": 0,
          "y": 0,
        },
        "destroy": [Function],
        "emit": [Function],
        "noFrame": true,
        "on": [Function],
        "once": [Function],
        "orig": Rectangle {
          "height": 16,
          "type": 1,
          "width": 16,
          "x": 0,
          "y": 0,
        },
        "textureCacheIds": Array [],
        "trim": undefined,
        "uvMatrix": null,
        "valid": true,
      },
      "visible": false,
      "width": 0,
    },
    "_localBounds": null,
    "_localBoundsRect": null,
    "_mask": null,
    "_maskRefCount": 0,
    "_matrix": null,
    "_tint": 16777215,
    "_transformID": -1,
    "_zIndex": 0,
    "alpha": 1,
    "batchDirty": -1,
    "batchTint": -1,
    "batches": Array [],
    "children": Array [],
    "cullArea": null,
    "cullable": false,
    "currentPath": null,
    "filterArea": null,
    "filters": null,
    "isMask": false,
    "isSprite": false,
    "parent": Graphics {
      "_bounds": Bounds {
        "maxX": -Infinity,
        "maxY": -Infinity,
        "minX": Infinity,
        "minY": Infinity,
        "rect": null,
        "updateID": -1,
      },
      "_boundsID": 1,
      "_boundsRect": null,
      "_destroyed": false,
      "_enabledFilters": null,
      "_events": Object {},
      "_eventsCount": 0,
      "_fillStyle": FillStyle {
        "alpha": 1,
        "color": 16777215,
        "matrix": null,
        "texture": Texture {
          "_events": Object {},
          "_eventsCount": 0,
          "_frame": Rectangle {
            "height": 16,
            "type": 1,
            "width": 16,
            "x": 0,
            "y": 0,
          },
          "_rotate": 0,
          "_updateID": 1,
          "_uvs": TextureUvs {
            "uvsFloat32": Float32Array [
              0,
              0,
              1,
              0,
              1,
              1,
              0,
              1,
            ],
            "x0": 0,
            "x1": 1,
            "x2": 1,
            "x3": 0,
            "y0": 0,
            "y1": 0,
            "y2": 1,
            "y3": 1,
          },
          "baseTexture": BaseTexture {
            "_batchEnabled": 0,
            "_batchLocation": 0,
            "_events": Object {
              "update": EE {
                "context": [Circular],
                "fn": [Function],
                "once": false,
              },
            },
            "_eventsCount": 1,
            "_glTextures": Object {},
            "_mipmap": 1,
            "_scaleMode": 1,
            "_wrapMode": 33071,
            "alphaMode": 1,
            "anisotropicLevel": 0,
            "cacheId": "pixiid_1",
            "destroy": [Function],
            "destroyed": false,
            "dirtyId": 0,
            "dirtyStyleId": 0,
            "emit": [Function],
            "format": 6408,
            "height": 16,
            "isPowerOfTwo": true,
            "on": [Function],
            "once": [Function],
            "parentTextureArray": null,
            "resolution": 1,
            "resource": CanvasResource {
              "_height": 16,
              "_width": 16,
              "destroyed": false,
              "internal": true,
              "noSubImage": false,
              "onError": Runner {
                "_aliasCount": 0,
                "_name": "onError",
                "items": Array [
                  [Circular],
                ],
              },
              "onResize": Runner {
                "_aliasCount": 0,
                "_name": "setRealSize",
                "items": Array [
                  [Circular],
                ],
              },
              "onUpdate": Runner {
                "_aliasCount": 0,
                "_name": "update",
                "items": Array [
                  [Circular],
                ],
              },
              "source": <canvas
                height="16"
                width="16"
              />,
            },
            "target": 3553,
            "textureCacheIds": Array [
              "pixiid_1",
            ],
            "touched": 0,
            "type": 5121,
            "uid": 2,
            "valid": true,
            "width": 16,
          },
          "defaultAnchor": Point {
            "x": 0,
            "y": 0,
          },
          "destroy": [Function],
          "emit": [Function],
          "noFrame": true,
          "on": [Function],
          "once": [Function],
          "orig": Rectangle {
            "height": 16,
            "type": 1,
            "width": 16,
            "x": 0,
            "y": 0,
          },
          "textureCacheIds": Array [],
          "trim": undefined,
          "uvMatrix": null,
          "valid": true,
        },
        "visible": false,
      },
      "_geometry": GraphicsGeometry {
        "_bounds": Bounds {
          "maxX": -Infinity,
          "maxY": -Infinity,
          "minX": Infinity,
          "minY": Infinity,
          "rect": null,
          "updateID": -1,
        },
        "_buffer": Buffer {
          "_glBuffers": Object {},
          "_updateID": 0,
          "data": Float32Array [
            0,
          ],
          "disposeRunner": Runner {
            "_aliasCount": 0,
            "_name": "disposeBuffer",
            "items": Array [],
          },
          "id": 0,
          "static": false,
          "type": 34962,
        },
        "_indexBuffer": Buffer {
          "_glBuffers": Object {},
          "_updateID": 0,
          "data": Float32Array [
            0,
          ],
          "disposeRunner": Runner {
            "_aliasCount": 0,
            "_name": "disposeBuffer",
            "items": Array [],
          },
          "id": 1,
          "static": false,
          "type": 34963,
        },
        "attributes": Object {
          "aColor": Attribute {
            "buffer": 0,
            "instance": false,
            "normalized": true,
            "size": 4,
            "start": undefined,
            "stride": undefined,
            "type": 5121,
          },
          "aTextureCoord": Attribute {
            "buffer": 0,
            "instance": false,
            "normalized": false,
            "size": 2,
            "start": undefined,
            "stride": undefined,
            "type": 5126,
          },
          "aTextureId": Attribute {
            "buffer": 0,
            "instance": false,
            "normalized": true,
            "size": 1,
            "start": undefined,
            "stride": undefined,
            "type": 5126,
          },
          "aVertexPosition": Attribute {
            "buffer": 0,
            "instance": false,
            "normalized": false,
            "size": 2,
            "start": undefined,
            "stride": undefined,
            "type": 5126,
          },
        },
        "batchDirty": -1,
        "batchable": false,
        "batches": Array [],
        "boundsDirty": -1,
        "boundsPadding": 0,
        "buffers": Array [
          Buffer {
            "_glBuffers": Object {},
            "_updateID": 0,
            "data": Float32Array [
              0,
            ],
            "disposeRunner": Runner {
              "_aliasCount": 0,
              "_name": "disposeBuffer",
              "items": Array [],
            },
            "id": 0,
            "static": false,
            "type": 34962,
          },
          Buffer {
            "_glBuffers": Object {},
            "_updateID": 0,
            "data": Float32Array [
              0,
            ],
            "disposeRunner": Runner {
              "_aliasCount": 0,
              "_name": "disposeBuffer",
              "items": Array [],
            },
            "id": 1,
            "static": false,
            "type": 34963,
          },
        ],
        "cacheDirty": -1,
        "clearDirty": 0,
        "closePointEps": 0.0001,
        "colors": Array [],
        "dirty": 0,
        "disposeRunner": Runner {
          "_aliasCount": 0,
          "_name": "disposeGeometry",
          "items": Array [],
        },
        "drawCalls": Array [],
        "glVertexArrayObjects": Object {},
        "graphicsData": Array [],
        "id": 0,
        "indexBuffer": Buffer {
          "_glBuffers": Object {},
          "_updateID": 0,
          "data": Float32Array [
            0,
          ],
          "disposeRunner": Runner {
            "_aliasCount": 0,
            "_name": "disposeBuffer",
            "items": Array [],
          },
          "id": 1,
          "static": false,
          "type": 34963,
        },
        "indices": Array [],
        "indicesUint16": null,
        "instanceCount": 1,
        "instanced": false,
        "points": Array [],
        "refCount": 1,
        "shapeIndex": 0,
        "textureIds": Array [],
        "uvs": Array [],
        "uvsFloat32": null,
      },
      "_holeMode": false,
      "_lastSortedIndex": 0,
      "_lineStyle": LineStyle {
        "alignment": 0.5,
        "alpha": 1,
        "cap": "butt",
        "color": 0,
        "join": "miter",
        "matrix": null,
        "miterLimit": 10,
        "native": false,
        "texture": Texture {
          "_events": Object {},
          "_eventsCount": 0,
          "_frame": Rectangle {
            "height": 16,
            "type": 1,
            "width": 16,
            "x": 0,
            "y": 0,
          },
          "_rotate": 0,
          "_updateID": 1,
          "_uvs": TextureUvs {
            "uvsFloat32": Float32Array [
              0,
              0,
              1,
              0,
              1,
              1,
              0,
              1,
            ],
            "x0": 0,
            "x1": 1,
            "x2": 1,
            "x3": 0,
            "y0": 0,
            "y1": 0,
            "y2": 1,
            "y3": 1,
          },
          "baseTexture": BaseTexture {
            "_batchEnabled": 0,
            "_batchLocation": 0,
            "_events": Object {
              "update": EE {
                "context": [Circular],
                "fn": [Function],
                "once": false,
              },
            },
            "_eventsCount": 1,
            "_glTextures": Object {},
            "_mipmap": 1,
            "_scaleMode": 1,
            "_wrapMode": 33071,
            "alphaMode": 1,
            "anisotropicLevel": 0,
            "cacheId": "pixiid_1",
            "destroy": [Function],
            "destroyed": false,
            "dirtyId": 0,
            "dirtyStyleId": 0,
            "emit": [Function],
            "format": 6408,
            "height": 16,
            "isPowerOfTwo": true,
            "on": [Function],
            "once": [Function],
            "parentTextureArray": null,
            "resolution": 1,
            "resource": CanvasResource {
              "_height": 16,
              "_width": 16,
              "destroyed": false,
              "internal": true,
              "noSubImage": false,
              "onError": Runner {
                "_aliasCount": 0,
                "_name": "onError",
                "items": Array [
                  [Circular],
                ],
              },
              "onResize": Runner {
                "_aliasCount": 0,
                "_name": "setRealSize",
                "items": Array [
                  [Circular],
                ],
              },
              "onUpdate": Runner {
                "_aliasCount": 0,
                "_name": "update",
                "items": Array [
                  [Circular],
                ],
              },
              "source": <canvas
                height="16"
                width="16"
              />,
            },
            "target": 3553,
            "textureCacheIds": Array [
              "pixiid_1",
            ],
            "touched": 0,
            "type": 5121,
            "uid": 2,
            "valid": true,
            "width": 16,
          },
          "defaultAnchor": Point {
            "x": 0,
            "y": 0,
          },
          "destroy": [Function],
          "emit": [Function],
          "noFrame": true,
          "on": [Function],
          "once": [Function],
          "orig": Rectangle {
            "height": 16,
            "type": 1,
            "width": 16,
            "x": 0,
            "y": 0,
          },
          "textureCacheIds": Array [],
          "trim": undefined,
          "uvMatrix": null,
          "valid": true,
        },
        "visible": false,
        "width": 0,
      },
      "_localBounds": null,
      "_localBoundsRect": null,
      "_mask": null,
      "_maskRefCount": 0,
      "_matrix": null,
      "_tint": 16777215,
      "_transformID": -1,
      "_zIndex": 0,
      "alpha": 1,
      "batchDirty": -1,
      "batchTint": -1,
      "batches": Array [],
      "children": Array [
        [Circular],
      ],
      "cullArea": null,
      "cullable": false,
      "currentPath": null,
      "filterArea": null,
      "filters": null,
      "isMask": false,
      "isSprite": false,
      "parent": null,
      "pluginName": "batch",
      "renderable": true,
      "shader": null,
      "sortDirty": true,
      "sortableChildren": false,
      "state": State {
        "_blendMode": 0,
        "_polygonOffset": 0,
        "data": 33,
      },
      "tempDisplayObjectParent": null,
      "transform": Transform {
        "_currentLocalID": 0,
        "_cx": 1,
        "_cy": 0,
        "_localID": 0,
        "_parentID": 0,
        "_rotation": 0,
        "_sx": 0,
        "_sy": 1,
        "_worldID": 0,
        "localTransform": Matrix {
          "a": 1,
          "array": null,
          "b": 0,
          "c": 0,
          "d": 1,
          "tx": 0,
          "ty": 0,
        },
        "pivot": ObservablePoint {
          "_x": 0,
          "_y": 0,
          "cb": [Function],
          "scope": [Circular],
        },
        "position": ObservablePoint {
          "_x": 0,
          "_y": 0,
          "cb": [Function],
          "scope": [Circular],
        },
        "scale": ObservablePoint {
          "_x": 1,
          "_y": 1,
          "cb": [Function],
          "scope": [Circular],
        },
        "skew": ObservablePoint {
          "_x": 0,
          "_y": 0,
          "cb": [Function],
          "scope": [Circular],
        },
        "worldTransform": Matrix {
          "a": 1,
          "array": null,
          "b": 0,
          "c": 0,
          "d": 1,
          "tx": 0,
          "ty": 0,
        },
      },
      "vertexData": null,
      "visible": true,
      "worldAlpha": 1,
    },
    "pluginName": "batch",
    "renderable": true,
    "shader": null,
    "sortDirty": false,
    "sortableChildren": false,
    "state": State {
      "_blendMode": 0,
      "_polygonOffset": 0,
      "data": 33,
    },
    "tempDisplayObjectParent": null,
    "transform": Transform {
      "_currentLocalID": 0,
      "_cx": 1,
      "_cy": 0,
      "_localID": 0,
      "_parentID": -1,
      "_rotation": 0,
      "_sx": 0,
      "_sy": 1,
      "_worldID": 0,
      "localTransform": Matrix {
        "a": 1,
        "array": null,
        "b": 0,
        "c": 0,
        "d": 1,
        "tx": 0,
        "ty": 0,
      },
      "pivot": ObservablePoint {
        "_x": 0,
        "_y": 0,
        "cb": [Function],
        "scope": [Circular],
      },
      "position": ObservablePoint {
        "_x": 0,
        "_y": 0,
        "cb": [Function],
        "scope": [Circular],
      },
      "scale": ObservablePoint {
        "_x": 1,
        "_y": 1,
        "cb": [Function],
        "scope": [Circular],
      },
      "skew": ObservablePoint {
        "_x": 0,
        "_y": 0,
        "cb": [Function],
        "scope": [Circular],
      },
      "worldTransform": Matrix {
        "a": 1,
        "array": null,
        "b": 0,
        "c": 0,
        "d": 1,
        "tx": 0,
        "ty": 0,
      },
    },
    "vertexData": null,
    "visible": true,
    "worldAlpha": 1,
  },
}
`;
